../Core/Src/main.c:95:5:main	8	static
../Core/Src/main.c:208:6:SystemClock_Config	88	static
../Core/Src/main.c:254:13:MX_I2C1_Init	8	static
../Core/Src/main.c:288:13:MX_TIM3_Init	32	static
../Core/Src/main.c:333:13:MX_USART2_UART_Init	8	static
../Core/Src/main.c:366:13:MX_USART6_UART_Init	8	static
../Core/Src/main.c:399:13:MX_GPIO_Init	48	static
../Core/Src/main.c:457:6:MX_GPIO_LED_ON	16	static
../Core/Src/main.c:461:6:MX_GPIO_LED_OFF	16	static
../Core/Src/main.c:465:6:MX_GPIO_TEST_LED_ON	16	static
../Core/Src/main.c:469:6:MX_GPIO_TEST_LED_OFF	16	static
../Core/Src/main.c:473:6:bluetooth_Event	216	static
../Core/Src/main.c:589:1:__io_putchar	16	static
../Core/Src/main.c:611:6:HAL_UART_RxCpltCallback	16	static
../Core/Src/main.c:652:6:Error_Handler	4	static,ignoring_inline_asm
